Archive member included because of file (symbol)

.\CortexM3\ARM_GCC_493\Debug\NeoPixel.a(cyfitter_cfg.o)
                              .\CortexM3\ARM_GCC_493\Debug\Cm3Start.o (cyfitter_cfg)
.\CortexM3\ARM_GCC_493\Debug\NeoPixel.a(CyBootAsmGnu.o)
                              .\CortexM3\ARM_GCC_493\Debug\NeoPixel.a(cyfitter_cfg.o) (CyDelayCycles)
.\CortexM3\ARM_GCC_493\Debug\NeoPixel.a(CyDmac.o)
                              .\CortexM3\ARM_GCC_493\Debug\Cm3Start.o (CyDmacConfigure)
.\CortexM3\ARM_GCC_493\Debug\NeoPixel.a(CyLib.o)
                              .\CortexM3\ARM_GCC_493\Debug\Cm3Start.o (CyHalt)
.\CortexM3\ARM_GCC_493\Debug\NeoPixel.a(cyPm.o)
                              .\CortexM3\ARM_GCC_493\Debug\NeoPixel.a(CyLib.o) (CyPmReadStatus)
.\CortexM3\ARM_GCC_493\Debug\NeoPixel.a(NP_funcs.o)
                              .\CortexM3\ARM_GCC_493\Debug\main.o (NP_Start)
.\CortexM3\ARM_GCC_493\Debug\NeoPixel.a(NP_Neo_BITCNT.o)
                              .\CortexM3\ARM_GCC_493\Debug\NeoPixel.a(NP_funcs.o) (NP_Neo_BITCNT_Start)
.\CortexM3\ARM_GCC_493\Debug\NeoPixel.a(NP_Neo_ONTime.o)
                              .\CortexM3\ARM_GCC_493\Debug\NeoPixel.a(NP_funcs.o) (NP_Neo_ONTime_Start)
.\CortexM3\ARM_GCC_493\Debug\NeoPixel.a(NP_Neo_OFFTime.o)
                              .\CortexM3\ARM_GCC_493\Debug\NeoPixel.a(NP_funcs.o) (NP_Neo_OFFTime_Start)
.\CortexM3\ARM_GCC_493\Debug\NeoPixel.a(NP_DMA_dma.o)
                              .\CortexM3\ARM_GCC_493\Debug\NeoPixel.a(NP_funcs.o) (NP_DMA_DmaInitialize)
.\CortexM3\ARM_GCC_493\Debug\NeoPixel.a(CyFlash.o)
                              .\CortexM3\ARM_GCC_493\Debug\NeoPixel.a(cyPm.o) (CyFlash_SetWaitCycles)
.\CortexM3\ARM_GCC_493\Debug\NeoPixel.a(CySpc.o)
                              .\CortexM3\ARM_GCC_493\Debug\NeoPixel.a(CyFlash.o) (CySpcStart)
c:/program files (x86)/cypress/psoc creator/3.3/psoc creator/import/gnu/arm/4.9.3/bin/../lib/gcc/arm-none-eabi/4.9.3/../../../../arm-none-eabi/lib/armv7-m\libm.a(lib_a-s_sin.o)
                              .\CortexM3\ARM_GCC_493\Debug\main.o (sin)
c:/program files (x86)/cypress/psoc creator/3.3/psoc creator/import/gnu/arm/4.9.3/bin/../lib/gcc/arm-none-eabi/4.9.3/../../../../arm-none-eabi/lib/armv7-m\libm.a(lib_a-w_pow.o)
                              .\CortexM3\ARM_GCC_493\Debug\main.o (pow)
c:/program files (x86)/cypress/psoc creator/3.3/psoc creator/import/gnu/arm/4.9.3/bin/../lib/gcc/arm-none-eabi/4.9.3/../../../../arm-none-eabi/lib/armv7-m\libm.a(lib_a-e_pow.o)
                              c:/program files (x86)/cypress/psoc creator/3.3/psoc creator/import/gnu/arm/4.9.3/bin/../lib/gcc/arm-none-eabi/4.9.3/../../../../arm-none-eabi/lib/armv7-m\libm.a(lib_a-w_pow.o) (__ieee754_pow)
c:/program files (x86)/cypress/psoc creator/3.3/psoc creator/import/gnu/arm/4.9.3/bin/../lib/gcc/arm-none-eabi/4.9.3/../../../../arm-none-eabi/lib/armv7-m\libm.a(lib_a-e_rem_pio2.o)
                              c:/program files (x86)/cypress/psoc creator/3.3/psoc creator/import/gnu/arm/4.9.3/bin/../lib/gcc/arm-none-eabi/4.9.3/../../../../arm-none-eabi/lib/armv7-m\libm.a(lib_a-s_sin.o) (__ieee754_rem_pio2)
c:/program files (x86)/cypress/psoc creator/3.3/psoc creator/import/gnu/arm/4.9.3/bin/../lib/gcc/arm-none-eabi/4.9.3/../../../../arm-none-eabi/lib/armv7-m\libm.a(lib_a-e_sqrt.o)
                              c:/program files (x86)/cypress/psoc creator/3.3/psoc creator/import/gnu/arm/4.9.3/bin/../lib/gcc/arm-none-eabi/4.9.3/../../../../arm-none-eabi/lib/armv7-m\libm.a(lib_a-e_pow.o) (__ieee754_sqrt)
c:/program files (x86)/cypress/psoc creator/3.3/psoc creator/import/gnu/arm/4.9.3/bin/../lib/gcc/arm-none-eabi/4.9.3/../../../../arm-none-eabi/lib/armv7-m\libm.a(lib_a-k_cos.o)
                              c:/program files (x86)/cypress/psoc creator/3.3/psoc creator/import/gnu/arm/4.9.3/bin/../lib/gcc/arm-none-eabi/4.9.3/../../../../arm-none-eabi/lib/armv7-m\libm.a(lib_a-s_sin.o) (__kernel_cos)
c:/program files (x86)/cypress/psoc creator/3.3/psoc creator/import/gnu/arm/4.9.3/bin/../lib/gcc/arm-none-eabi/4.9.3/../../../../arm-none-eabi/lib/armv7-m\libm.a(lib_a-k_rem_pio2.o)
                              c:/program files (x86)/cypress/psoc creator/3.3/psoc creator/import/gnu/arm/4.9.3/bin/../lib/gcc/arm-none-eabi/4.9.3/../../../../arm-none-eabi/lib/armv7-m\libm.a(lib_a-e_rem_pio2.o) (__kernel_rem_pio2)
c:/program files (x86)/cypress/psoc creator/3.3/psoc creator/import/gnu/arm/4.9.3/bin/../lib/gcc/arm-none-eabi/4.9.3/../../../../arm-none-eabi/lib/armv7-m\libm.a(lib_a-k_sin.o)
                              c:/program files (x86)/cypress/psoc creator/3.3/psoc creator/import/gnu/arm/4.9.3/bin/../lib/gcc/arm-none-eabi/4.9.3/../../../../arm-none-eabi/lib/armv7-m\libm.a(lib_a-s_sin.o) (__kernel_sin)
c:/program files (x86)/cypress/psoc creator/3.3/psoc creator/import/gnu/arm/4.9.3/bin/../lib/gcc/arm-none-eabi/4.9.3/../../../../arm-none-eabi/lib/armv7-m\libm.a(lib_a-s_fabs.o)
[...]
Memory Configuration

Name             Origin             Length             Attributes
rom              0x00000000         0x00040000         xr
ram              0x1fff8000         0x00010000         xrw
*default*        0x00000000         0xffffffff

Linker script and memory map

LOAD c:/program files (x86)/cypress/psoc creator/3.3/psoc creator/import/gnu/arm/4.9.3/bin/../lib/gcc/arm-none-eabi/4.9.3/armv7-m/crti.o
LOAD c:/program files (x86)/cypress/psoc creator/3.3/psoc creator/import/gnu/arm/4.9.3/bin/../lib/gcc/arm-none-eabi/4.9.3/armv7-m/crtbegin.o
LOAD c:/program files (x86)/cypress/psoc creator/3.3/psoc creator/import/gnu/arm/4.9.3/bin/../lib/gcc/arm-none-eabi/4.9.3/../../../../arm-none-eabi/lib/armv7-m/crt0.o
START GROUP
LOAD .\CortexM3\ARM_GCC_493\Debug\main.o
LOAD .\CortexM3\ARM_GCC_493\Debug\cymetadata.o
LOAD .\CortexM3\ARM_GCC_493\Debug\Cm3Start.o
LOAD .\CortexM3\ARM_GCC_493\Debug\NeoPixel.a
LOAD C:\Program Files (x86)\Cypress\PSoC Creator\3.3\PSoC Creator\psoc\content\cycomponentlibrary\CyComponentLibrary.cylib\CortexM3\ARM_GCC_493\Debug\CyComponentLibrary.a
LOAD c:/program files (x86)/cypress/psoc creator/3.3/psoc creator/import/gnu/arm/4.9.3/bin/../lib/gcc/arm-none-eabi/4.9.3/../../../../arm-none-eabi/lib/armv7-m\libm.a
END GROUP
START GROUP
LOAD c:/program files (x86)/cypress/psoc creator/3.3/psoc creator/import/gnu/arm/4.9.3/bin/../lib/gcc/arm-none-eabi/4.9.3/armv7-m\libgcc.a
LOAD c:/program files (x86)/cypress/psoc creator/3.3/psoc creator/import/gnu/arm/4.9.3/bin/../lib/gcc/arm-none-eabi/4.9.3/../../../../arm-none-eabi/lib/armv7-m\libg_nano.a
LOAD c:/program files (x86)/cypress/psoc creator/3.3/psoc creator/import/gnu/arm/4.9.3/bin/../lib/gcc/arm-none-eabi/4.9.3/../../../../arm-none-eabi/lib/armv7-m\libc_nano.a
END GROUP
START GROUP
LOAD c:/program files (x86)/cypress/psoc creator/3.3/psoc creator/import/gnu/arm/4.9.3/bin/../lib/gcc/arm-none-eabi/4.9.3/armv7-m\libgcc.a
LOAD c:/program files (x86)/cypress/psoc creator/3.3/psoc creator/import/gnu/arm/4.9.3/bin/../lib/gcc/arm-none-eabi/4.9.3/../../../../arm-none-eabi/lib/armv7-m\libc_nano.a
END GROUP
LOAD c:/program files (x86)/cypress/psoc creator/3.3/psoc creator/import/gnu/arm/4.9.3/bin/../lib/gcc/arm-none-eabi/4.9.3/armv7-m/crtend.o
LOAD c:/program files (x86)/cypress/psoc creator/3.3/psoc creator/import/gnu/arm/4.9.3/bin/../lib/gcc/arm-none-eabi/4.9.3/armv7-m/crtn.o
START GROUP
LOAD c:/program files (x86)/cypress/psoc creator/3.3/psoc creator/import/gnu/arm/4.9.3/bin/../lib/gcc/arm-none-eabi/4.9.3/armv7-m\libgcc.a
LOAD c:/program files (x86)/cypress/psoc creator/3.3/psoc creator/import/gnu/arm/4.9.3/bin/../lib/gcc/arm-none-eabi/4.9.3/../../../../arm-none-eabi/lib/armv7-m\libc.a
LOAD c:/program files (x86)/cypress/psoc creator/3.3/psoc creator/import/gnu/arm/4.9.3/bin/../lib/gcc/arm-none-eabi/4.9.3/../../../../arm-none-eabi/lib/armv7-m\libnosys.a
END GROUP
                0x00000000                CY_APPL_ORIGIN = 0x0
                0x00000100                CY_FLASH_ROW_SIZE = 0x100
                0x00000020                CY_ECC_ROW_SIZE = 0x20
                0x00000000                CY_EE_IN_BTLDR = 0x0
                0x00000000                CY_APPL_LOADABLE = 0x0
                0x00000800                CY_EE_SIZE = 0x800
                0x00000001                CY_APPL_NUM = 0x1
                0x00000001                CY_APPL_MAX = 0x1
                0x00000040                CY_METADATA_SIZE = 0x40
                0x00000000                CY_APPL_LOADABLE = 0x0
                0x00000000                CY_CHECKSUM_EXCLUDE_SIZE = ALIGN (0x0, CY_FLASH_ROW_SIZE)
                0x1fff8210                PROVIDE (__cy_heap_start, _end)
                0x00000001                PROVIDE (__cy_region_num, ((__cy_regions_end - __cy_regions) / 0x10))
                0x20008000                PROVIDE (__cy_stack, (ORIGIN (ram) + 0x10000))
                0x20007800                PROVIDE (__cy_heap_end, (__cy_stack - 0x800))

.cybootloader   0x00000000        0x0
 *(.cybootloader)
                0x00000000                appl1_start = CY_APPL_ORIGIN?CY_APPL_ORIGIN:ALIGN (CY_FLASH_ROW_SIZE)
                0x0001ff00                appl2_start = (appl1_start + ALIGN ((((0x40000 - appl1_start) - (0x2 * CY_FLASH_ROW_SIZE)) / 0x2), CY_FLASH_ROW_SIZE))
                0x00000000                appl_start = (CY_APPL_NUM == 0x1)?appl1_start:appl2_start
                0x00000000                ecc_offset = ((appl_start / CY_FLASH_ROW_SIZE) * CY_ECC_ROW_SIZE)
                0x00000000                ee_offset = (CY_APPL_LOADABLE && ! (CY_EE_IN_BTLDR))?((CY_EE_SIZE / CY_APPL_MAX) * (CY_APPL_NUM - 0x1)):0x0
                0x00000800                ee_size = (CY_APPL_LOADABLE && ! (CY_EE_IN_BTLDR))?(CY_EE_SIZE / CY_APPL_MAX):CY_EE_SIZE
                0x00000000                PROVIDE (CY_ECC_OFFSET, ecc_offset)

.text           0x00000000     0x3ba0
 CREATE_OBJECT_SYMBOLS
                0x00000000                PROVIDE (__cy_interrupt_vector, RomVectors)
 *(.romvectors)
 .romvectors    0x00000000       0x10 .\CortexM3\ARM_GCC_493\Debug\Cm3Start.o
                0x00000000                RomVectors
                0x00000001                ASSERT ((. != __cy_interrupt_vector), No interrupt vector)
                0x00000001                ASSERT (CY_APPL_ORIGIN?(SIZEOF (.cybootloader) <= CY_APPL_ORIGIN):0x1, Wrong image location)
                0x00000010                PROVIDE (__cy_reset, Reset)
 *(.text.Reset)
 .text.Reset    0x00000010       0x18 .\CortexM3\ARM_GCC_493\Debug\Cm3Start.o
                0x00000010                Reset
                0x00000001                ASSERT ((. != __cy_reset), No reset code)
 *(.dma_init)
                0x00000001                ASSERT ((((appl_start + .) <= 0x10000) || 0x1), DMA Init must be within the first 64k of flash)
 *(.text .text.* .gnu.linkonce.t.*)
 .text          0x00000028       0x5c c:/program files (x86)/cypress/psoc creator/3.3/psoc creator/import/gnu/arm/4.9.3/bin/../lib/gcc/arm-none-eabi/4.9.3/armv7-m/crtbegin.o
 *fill*         0x00000084        0x4 
 .text.main     0x00000088      0x220 .\CortexM3\ARM_GCC_493\Debug\main.o
                0x00000088                main
 .text.IntDefaultHandler
                0x000002a8        0x4 .\CortexM3\ARM_GCC_493\Debug\Cm3Start.o
                0x000002a8                IntDefaultHandler
 .text._sbrk    0x000002ac       0x30 .\CortexM3\ARM_GCC_493\Debug\Cm3Start.o
                0x000002ac                _sbrk
 .text.Start_c  0x000002dc       0x4c .\CortexM3\ARM_GCC_493\Debug\Cm3Start.o
                0x000002dc                Start_c
 .text.initialize_psoc
                0x00000328       0x78 .\CortexM3\ARM_GCC_493\Debug\Cm3Start.o
                0x00000328                initialize_psoc
 .text.CyClockStartupError
                0x000003a0        0x4 .\CortexM3\ARM_GCC_493\Debug\NeoPixel.a(cyfitter_cfg.o)
 .text.cfg_write_bytes32
                0x000003a4       0x34 .\CortexM3\ARM_GCC_493\Debug\NeoPixel.a(cyfitter_cfg.o)
 .text.AnalogSetDefault
                0x000003d8       0x28 .\CortexM3\ARM_GCC_493\Debug\NeoPixel.a(cyfitter_cfg.o)
 .text.ClockSetup
                0x00000400       0xb4 .\CortexM3\ARM_GCC_493\Debug\NeoPixel.a(cyfitter_cfg.o)
 .text.CYMEMZERO
                0x000004b4        0xc .\CortexM3\ARM_GCC_493\Debug\NeoPixel.a(cyfitter_cfg.o)
 .text.CYCONFIGCPY
                0x000004c0        0x8 .\CortexM3\ARM_GCC_493\Debug\NeoPixel.a(cyfitter_cfg.o)
 .text.cyfitter_cfg
                0x000004c8       0xcc .\CortexM3\ARM_GCC_493\Debug\NeoPixel.a(cyfitter_cfg.o)
                0x000004c8                cyfitter_cfg
 *fill*         0x00000594        0x4 
 .text          0x00000598       0x20 .\CortexM3\ARM_GCC_493\Debug\NeoPixel.a(CyBootAsmGnu.o)
                0x00000598                CyDelayCycles
                0x000005a8                CyEnterCriticalSection
                0x000005b0                CyExitCriticalSection
 .text.CyDmacConfigure
                0x000005b8       0x34 .\CortexM3\ARM_GCC_493\Debug\NeoPixel.a(CyDmac.o)
                0x000005b8                CyDmacConfigure
 .text.CyDmaChEnable
                0x000005ec       0x38 .\CortexM3\ARM_GCC_493\Debug\NeoPixel.a(CyDmac.o)
                0x000005ec                CyDmaChEnable
 .text.CyDmaChPriority
                0x00000624       0x24 .\CortexM3\ARM_GCC_493\Debug\NeoPixel.a(CyDmac.o)
                0x00000624                CyDmaChPriority
 .text.CyDmaChSetExtendedAddress
                0x00000648       0x34 .\CortexM3\ARM_GCC_493\Debug\NeoPixel.a(CyDmac.o)
                0x00000648                CyDmaChSetExtendedAddress
 .text.CyDmaChSetInitialTd
                0x0000067c       0x18 .\CortexM3\ARM_GCC_493\Debug\NeoPixel.a(CyDmac.o)
                0x0000067c                CyDmaChSetInitialTd
 .text.CyDmaChSetConfiguration
                0x00000694       0x48 .\CortexM3\ARM_GCC_493\Debug\NeoPixel.a(CyDmac.o)
                0x00000694                CyDmaChSetConfiguration
 .text.CyDmaTdAllocate
                0x000006dc       0x34 .\CortexM3\ARM_GCC_493\Debug\NeoPixel.a(CyDmac.o)
                0x000006dc                CyDmaTdAllocate
 .text.CyDmaTdSetConfiguration
                0x00000710       0x28 .\CortexM3\ARM_GCC_493\Debug\NeoPixel.a(CyDmac.o)
                0x00000710                CyDmaTdSetConfiguration
 .text.CyDmaTdSetAddress
                0x00000738       0x1c .\CortexM3\ARM_GCC_493\Debug\NeoPixel.a(CyDmac.o)
                0x00000738                CyDmaTdSetAddress
 .text.CyDelay  0x00000754       0x2c .\CortexM3\ARM_GCC_493\Debug\NeoPixel.a(CyLib.o)
                0x00000754                CyDelay
 .text.NP_Start
                0x00000780      0x120 .\CortexM3\ARM_GCC_493\Debug\NeoPixel.a(NP_funcs.o)
                0x00000780                NP_Start
 .text.NP_Update
                0x000008a0       0x50 .\CortexM3\ARM_GCC_493\Debug\NeoPixel.a(NP_funcs.o)
                0x000008a0                NP_Update
 .text.NP_Neo_BITCNT_Init
                0x000008f0        0xc .\CortexM3\ARM_GCC_493\Debug\NeoPixel.a(NP_Neo_BITCNT.o)
                0x000008f0                NP_Neo_BITCNT_Init
 .text.NP_Neo_BITCNT_Enable
                0x000008fc       0x1c .\CortexM3\ARM_GCC_493\Debug\NeoPixel.a(NP_Neo_BITCNT.o)
                0x000008fc                NP_Neo_BITCNT_Enable
 .text.NP_Neo_BITCNT_Start
                0x00000918       0x1c .\CortexM3\ARM_GCC_493\Debug\NeoPixel.a(NP_Neo_BITCNT.o)
                0x00000918                NP_Neo_BITCNT_Start
 .text.NP_Neo_ONTime_Init
                0x00000934        0xc .\CortexM3\ARM_GCC_493\Debug\NeoPixel.a(NP_Neo_ONTime.o)
                0x00000934                NP_Neo_ONTime_Init
 .text.NP_Neo_ONTime_Enable
                0x00000940       0x1c .\CortexM3\ARM_GCC_493\Debug\NeoPixel.a(NP_Neo_ONTime.o)
                0x00000940                NP_Neo_ONTime_Enable
 .text.NP_Neo_ONTime_Start
                0x0000095c       0x1c .\CortexM3\ARM_GCC_493\Debug\NeoPixel.a(NP_Neo_ONTime.o)
                0x0000095c                NP_Neo_ONTime_Start
 .text.NP_Neo_ONTime_WritePeriod
                0x00000978        0xc .\CortexM3\ARM_GCC_493\Debug\NeoPixel.a(NP_Neo_ONTime.o)
                0x00000978                NP_Neo_ONTime_WritePeriod
 .text.NP_Neo_OFFTime_Init
                0x00000984        0xc .\CortexM3\ARM_GCC_493\Debug\NeoPixel.a(NP_Neo_OFFTime.o)
                0x00000984                NP_Neo_OFFTime_Init
 .text.NP_Neo_OFFTime_Enable
                0x00000990       0x1c .\CortexM3\ARM_GCC_493\Debug\NeoPixel.a(NP_Neo_OFFTime.o)
                0x00000990                NP_Neo_OFFTime_Enable
 .text.NP_Neo_OFFTime_Start
                0x000009ac       0x1c .\CortexM3\ARM_GCC_493\Debug\NeoPixel.a(NP_Neo_OFFTime.o)
                0x000009ac                NP_Neo_OFFTime_Start
 .text.NP_Neo_OFFTime_WritePeriod
                0x000009c8        0xc .\CortexM3\ARM_GCC_493\Debug\NeoPixel.a(NP_Neo_OFFTime.o)
                0x000009c8                NP_Neo_OFFTime_WritePeriod
 .text.NP_DMA_DmaInitialize
                0x000009d4       0x3c .\CortexM3\ARM_GCC_493\Debug\NeoPixel.a(NP_DMA_dma.o)
                0x000009d4                NP_DMA_DmaInitialize
 .text.sin      0x00000a10       0x94 c:/program files (x86)/cypress/psoc creator/3.3/psoc creator/import/gnu/arm/4.9.3/bin/../lib/gcc/arm-none-eabi/4.9.3/../../../../arm-none-eabi/lib/armv7-m\libm.a(lib_a-s_sin.o)
                0x00000a10                sin
 .text.pow      0x00000aa4      0x2f0 c:/program files (x86)/cypress/psoc creator/3.3/psoc creator/import/gnu/arm/4.9.3/bin/../lib/gcc/arm-none-eabi/4.9.3/../../../../arm-none-eabi/lib/armv7-m\libm.a(lib_a-w_pow.o)
                0x00000aa4                pow
 *fill*         0x00000d94        0x4 
 .text.__ieee754_pow
                0x00000d98      0xaa0 c:/program files (x86)/cypress/psoc creator/3.3/psoc creator/import/gnu/arm/4.9.3/bin/../lib/gcc/arm-none-eabi/4.9.3/../../../../arm-none-eabi/lib/armv7-m\libm.a(lib_a-e_pow.o)
                0x00000d98                __ieee754_pow
 .text.__ieee754_rem_pio2
                0x00001838      0x428 c:/program files (x86)/cypress/psoc creator/3.3/psoc creator/import/gnu/arm/4.9.3/bin/../lib/gcc/arm-none-eabi/4.9.3/../../../../arm-none-eabi/lib/armv7-m\libm.a(lib_a-e_rem_pio2.o)
                0x00001838                __ieee754_rem_pio2
 .text.__ieee754_sqrt
                0x00001c60      0x18c c:/program files (x86)/cypress/psoc creator/3.3/psoc creator/import/gnu/arm/4.9.3/bin/../lib/gcc/arm-none-eabi/4.9.3/../../../../arm-none-eabi/lib/armv7-m\libm.a(lib_a-e_sqrt.o)
                0x00001c60                __ieee754_sqrt
 *fill*         0x00001dec        0x4 
 .text.__kernel_cos
                0x00001df0      0x248 c:/program files (x86)/cypress/psoc creator/3.3/psoc creator/import/gnu/arm/4.9.3/bin/../lib/gcc/arm-none-eabi/4.9.3/../../../../arm-none-eabi/lib/armv7-m\libm.a(lib_a-k_cos.o)
                0x00001df0                __kernel_cos
 .text.__kernel_rem_pio2
                0x00002038      0x808 c:/program files (x86)/cypress/psoc creator/3.3/psoc creator/import/gnu/arm/4.9.3/bin/../lib/gcc/arm-none-eabi/4.9.3/../../../../arm-none-eabi/lib/armv7-m\libm.a(lib_a-k_rem_pio2.o)
                0x00002038                __kernel_rem_pio2
 .text.__kernel_sin
                0x00002840      0x170 c:/program files (x86)/cypress/psoc creator/3.3/psoc creator/import/gnu/arm/4.9.3/bin/../lib/gcc/arm-none-eabi/4.9.3/../../../../arm-none-eabi/lib/armv7-m\libm.a(lib_a-k_sin.o)
                0x00002840                __kernel_sin
 .text.fabs     0x000029b0        0x8 c:/program files (x86)/cypress/psoc creator/3.3/psoc creator/import/gnu/arm/4.9.3/bin/../lib/gcc/arm-none-eabi/4.9.3/../../../../arm-none-eabi/lib/armv7-m\libm.a(lib_a-s_fabs.o)
                0x000029b0                fabs
 .text.finite   0x000029b8        0xc c:/program files (x86)/cypress/psoc creator/3.3/psoc creator/import/gnu/arm/4.9.3/bin/../lib/gcc/arm-none-eabi/4.9.3/../../../../arm-none-eabi/lib/armv7-m\libm.a(lib_a-s_finite.o)
                0x000029b8                finite
 *fill*         0x000029c4        0x4 
 .text.floor    0x000029c8      0x118 c:/program files (x86)/cypress/psoc creator/3.3/psoc creator/import/gnu/arm/4.9.3/bin/../lib/gcc/arm-none-eabi/4.9.3/../../../../arm-none-eabi/lib/armv7-m\libm.a(lib_a-s_floor.o)
                0x000029c8                floor
 .text.__fpclassifyd
                0x00002ae0       0x58 c:/program files (x86)/cypress/psoc creator/3.3/psoc creator/import/gnu/arm/4.9.3/bin/../lib/gcc/arm-none-eabi/4.9.3/../../../../arm-none-eabi/lib/armv7-m\libm.a(lib_a-s_fpclassify.o)
                0x00002ae0                __fpclassifyd
 .text.matherr  0x00002b38        0x4 c:/program files (x86)/cypress/psoc creator/3.3/psoc creator/import/gnu/arm/4.9.3/bin/../lib/gcc/arm-none-eabi/4.9.3/../../../../arm-none-eabi/lib/armv7-m\libm.a(lib_a-s_matherr.o)
                0x00002b38                matherr
 .text.nan      0x00002b3c        0xc c:/program files (x86)/cypress/psoc creator/3.3/psoc creator/import/gnu/arm/4.9.3/bin/../lib/gcc/arm-none-eabi/4.9.3/../../../../arm-none-eabi/lib/armv7-m\libm.a(lib_a-s_nan.o)
                0x00002b3c                nan
 .text.rint     0x00002b48      0x11c c:/program files (x86)/cypress/psoc creator/3.3/psoc creator/import/gnu/arm/4.9.3/bin/../lib/gcc/arm-none-eabi/4.9.3/../../../../arm-none-eabi/lib/armv7-m\libm.a(lib_a-s_rint.o)
                0x00002b48                rint
 *fill*         0x00002c64        0x4 
 .text.scalbn   0x00002c68       0xf0 c:/program files (x86)/cypress/psoc creator/3.3/psoc creator/import/gnu/arm/4.9.3/bin/../lib/gcc/arm-none-eabi/4.9.3/../../../../arm-none-eabi/lib/armv7-m\libm.a(lib_a-s_scalbn.o)
                0x00002c68                scalbn
 .text.copysign
                0x00002d58       0x10 c:/program files (x86)/cypress/psoc creator/3.3/psoc creator/import/gnu/arm/4.9.3/bin/../lib/gcc/arm-none-eabi/4.9.3/../../../../arm-none-eabi/lib/armv7-m\libm.a(lib_a-s_copysign.o)
                0x00002d58                copysign
 .text          0x00002d68      0x370 c:/program files (x86)/cypress/psoc creator/3.3/psoc creator/import/gnu/arm/4.9.3/bin/../lib/gcc/arm-none-eabi/4.9.3/armv7-m\libgcc.a(_arm_addsubdf3.o)
                0x00002d68                __aeabi_drsub
                0x00002d70                __aeabi_dsub
                0x00002d70                __subdf3
                0x00002d74                __aeabi_dadd
                0x00002d74                __adddf3
                0x00002fec                __floatunsidf
                0x00002fec                __aeabi_ui2d
                0x0000300c                __floatsidf
                0x0000300c                __aeabi_i2d
                0x00003030                __aeabi_f2d
                0x00003030                __extendsfdf2
                0x0000306c                __floatundidf
                0x0000306c                __aeabi_ul2d
                0x0000307c                __floatdidf
                0x0000307c                __aeabi_l2d
 .text          0x000030d8      0x424 c:/program files (x86)/cypress/psoc creator/3.3/psoc creator/import/gnu/arm/4.9.3/bin/../lib/gcc/arm-none-eabi/4.9.3/armv7-m\libgcc.a(_arm_muldivdf3.o)
                0x000030d8                __aeabi_dmul
                0x000030d8                __muldf3
                0x0000332c                __divdf3
                0x0000332c                __aeabi_ddiv
 .text          0x000034fc      0x110 c:/program files (x86)/cypress/psoc creator/3.3/psoc creator/import/gnu/arm/4.9.3/bin/../lib/gcc/arm-none-eabi/4.9.3/armv7-m\libgcc.a(_arm_cmpdf2.o)
                0x000034fc                __gtdf2
                0x000034fc                __gedf2
                0x00003504                __ltdf2
                0x00003504                __ledf2
                0x0000350c                __nedf2
                0x0000350c                __eqdf2
                0x0000350c                __cmpdf2
                0x00003588                __aeabi_cdrcmple
                0x00003598                __aeabi_cdcmpeq
                0x00003598                __aeabi_cdcmple
                0x000035a8                __aeabi_dcmpeq
                0x000035bc                __aeabi_dcmplt
                0x000035d0                __aeabi_dcmple
                0x000035e4                __aeabi_dcmpge
                0x000035f8                __aeabi_dcmpgt
 .text          0x0000360c       0x50 c:/program files (x86)/cypress/psoc creator/3.3/psoc creator/import/gnu/arm/4.9.3/bin/../lib/gcc/arm-none-eabi/4.9.3/armv7-m\libgcc.a(_arm_fixdfsi.o)
                0x0000360c                __aeabi_d2iz
                0x0000360c                __fixdfsi
 .text          0x0000365c       0x40 c:/program files (x86)/cypress/psoc creator/3.3/psoc creator/import/gnu/arm/4.9.3/bin/../lib/gcc/arm-none-eabi/4.9.3/armv7-m\libgcc.a(_arm_fixunsdfsi.o)
                0x0000365c                __aeabi_d2uiz
                0x0000365c                __fixunsdfsi
 .text          0x0000369c       0xa0 c:/program files (x86)/cypress/psoc creator/3.3/psoc creator/import/gnu/arm/4.9.3/bin/../lib/gcc/arm-none-eabi/4.9.3/armv7-m\libgcc.a(_arm_truncdfsf2.o)
                0x0000369c                __truncdfsf2
                0x0000369c                __aeabi_d2f
 .text          0x0000373c      0x21c c:/program files (x86)/cypress/psoc creator/3.3/psoc creator/import/gnu/arm/4.9.3/bin/../lib/gcc/arm-none-eabi/4.9.3/armv7-m\libgcc.a(_arm_addsubsf3.o)
                0x0000373c                __aeabi_frsub
                0x00003744                __subsf3
                0x00003744                __aeabi_fsub
                0x00003748                __aeabi_fadd
                0x00003748                __addsf3
                0x000038a8                __aeabi_ui2f
                0x000038a8                __floatunsisf
                0x000038b0                __aeabi_i2f
                0x000038b0                __floatsisf
                0x000038cc                __aeabi_ul2f
                0x000038cc                __floatundisf
                0x000038dc                __aeabi_l2f
                0x000038dc                __floatdisf
 .text          0x00003958       0xec c:/program files (x86)/cypress/psoc creator/3.3/psoc creator/import/gnu/arm/4.9.3/bin/../lib/gcc/arm-none-eabi/4.9.3/armv7-m\libgcc.a(_arm_cmpsf2.o)
                0x00003958                __gesf2
                0x00003958                __gtsf2
                0x00003960                __lesf2
                0x00003960                __ltsf2
                0x00003968                __nesf2
                0x00003968                __eqsf2
                0x00003968                __cmpsf2
                0x000039c8                __aeabi_cfrcmple
                0x000039d0                __aeabi_cfcmpeq
                0x000039d0                __aeabi_cfcmple
                0x000039e0                __aeabi_fcmpeq
                0x000039f4                __aeabi_fcmplt
                0x00003a08                __aeabi_fcmple
                0x00003a1c                __aeabi_fcmpge
                0x00003a30                __aeabi_fcmpgt
 .text.__errno  0x00003a44        0xc c:/program files (x86)/cypress/psoc creator/3.3/psoc creator/import/gnu/arm/4.9.3/bin/../lib/gcc/arm-none-eabi/4.9.3/../../../../arm-none-eabi/lib/armv7-m\libg_nano.a(lib_a-errno.o)
                0x00003a44                __errno
 .text.__libc_init_array
                0x00003a50       0x4c c:/program files (x86)/cypress/psoc creator/3.3/psoc creator/import/gnu/arm/4.9.3/bin/../lib/gcc/arm-none-eabi/4.9.3/../../../../arm-none-eabi/lib/armv7-m\libg_nano.a(lib_a-init.o)
                0x00003a50                __libc_init_array
 .text.malloc   0x00003a9c       0x10 c:/program files (x86)/cypress/psoc creator/3.3/psoc creator/import/gnu/arm/4.9.3/bin/../lib/gcc/arm-none-eabi/4.9.3/../../../../arm-none-eabi/lib/armv7-m\libg_nano.a(lib_a-malloc.o)
                0x00003a9c                malloc
 .text.memcpy   0x00003aac       0x16 c:/program files (x86)/cypress/psoc creator/3.3/psoc creator/import/gnu/arm/4.9.3/bin/../lib/gcc/arm-none-eabi/4.9.3/../../../../arm-none-eabi/lib/armv7-m\libg_nano.a(lib_a-memcpy.o)
                0x00003aac                memcpy
 .text.memset   0x00003ac2       0x10 c:/program files (x86)/cypress/psoc creator/3.3/psoc creator/import/gnu/arm/4.9.3/bin/../lib/gcc/arm-none-eabi/4.9.3/../../../../arm-none-eabi/lib/armv7-m\libg_nano.a(lib_a-memset.o)
                0x00003ac2                memset
 *fill*         0x00003ad2        0x2 
 .text._malloc_r
                0x00003ad4       0xac c:/program files (x86)/cypress/psoc creator/3.3/psoc creator/import/gnu/arm/4.9.3/bin/../lib/gcc/arm-none-eabi/4.9.3/../../../../arm-none-eabi/lib/armv7-m\libg_nano.a(lib_a-nano-mallocr.o)
                0x00003ad4                _malloc_r
 .text._sbrk_r  0x00003b80       0x20 c:/program files (x86)/cypress/psoc creator/3.3/psoc creator/import/gnu/arm/4.9.3/bin/../lib/gcc/arm-none-eabi/4.9.3/../../../../arm-none-eabi/lib/armv7-m\libg_nano.a(lib_a-sbrkr.o)
                0x00003b80                _sbrk_r
 *(.plt)
 *(.gnu.warning)
 *(.glue_7t)
 .glue_7t       0x00000000        0x0 linker stubs
 *(.glue_7)
 .glue_7        0x00000000        0x0 linker stubs
 *(.vfp11_veneer)
 .vfp11_veneer  0x00000000        0x0 linker stubs
 *(.bootloader)
 *(.ARM.extab* .gnu.linkonce.armextab.*)
 *(.gcc_except_table)

.v4_bx          0x00003ba0        0x0
 .v4_bx         0x00000000        0x0 linker stubs

.iplt           0x00003ba0        0x0
 .iplt          0x00000000        0x0 c:/program files (x86)/cypress/psoc creator/3.3/psoc creator/import/gnu/arm/4.9.3/bin/../lib/gcc/arm-none-eabi/4.9.3/armv7-m/crtbegin.o

.eh_frame_hdr
 *(.eh_frame_hdr)

.eh_frame       0x00003ba0        0x4
 *(.eh_frame)
 .eh_frame      0x00003ba0        0x0 c:/program files (x86)/cypress/psoc creator/3.3/psoc creator/import/gnu/arm/4.9.3/bin/../lib/gcc/arm-none-eabi/4.9.3/armv7-m/crtbegin.o
 .eh_frame      0x00003ba0        0x4 c:/program files (x86)/cypress/psoc creator/3.3/psoc creator/import/gnu/arm/4.9.3/bin/../lib/gcc/arm-none-eabi/4.9.3/armv7-m/crtend.o
                0x00003ba4                PROVIDE (__exidx_start, .)

.ARM.exidx
 *(.ARM.exidx* .gnu.linkonce.armexidx.*)
                0x00003ba4                __exidx_end = .

.rodata         0x00003ba8      0x290
 *(.rodata .rodata.* .gnu.linkonce.r.*)
 .rodata        0x00003ba8       0x30 .\CortexM3\ARM_GCC_493\Debug\NeoPixel.a(cyfitter_cfg.o)
 .rodata.str1.4
                0x00003bd8        0x4 c:/program files (x86)/cypress/psoc creator/3.3/psoc creator/import/gnu/arm/4.9.3/bin/../lib/gcc/arm-none-eabi/4.9.3/../../../../arm-none-eabi/lib/armv7-m\libm.a(lib_a-w_pow.o)
 *fill*         0x00003bdc        0x4 
 .rodata.dp_h   0x00003be0       0x10 c:/program files (x86)/cypress/psoc creator/3.3/psoc creator/import/gnu/arm/4.9.3/bin/../lib/gcc/arm-none-eabi/4.9.3/../../../../arm-none-eabi/lib/armv7-m\libm.a(lib_a-e_pow.o)
 .rodata.dp_l   0x00003bf0       0x10 c:/program files (x86)/cypress/psoc creator/3.3/psoc creator/import/gnu/arm/4.9.3/bin/../lib/gcc/arm-none-eabi/4.9.3/../../../../arm-none-eabi/lib/armv7-m\libm.a(lib_a-e_pow.o)
 .rodata.bp     0x00003c00       0x10 c:/program files (x86)/cypress/psoc creator/3.3/psoc creator/import/gnu/arm/4.9.3/bin/../lib/gcc/arm-none-eabi/4.9.3/../../../../arm-none-eabi/lib/armv7-m\libm.a(lib_a-e_pow.o)
 .rodata.str1.4
                0x00003c10        0x4 c:/program files (x86)/cypress/psoc creator/3.3/psoc creator/import/gnu/arm/4.9.3/bin/../lib/gcc/arm-none-eabi/4.9.3/../../../../arm-none-eabi/lib/armv7-m\libm.a(lib_a-e_pow.o)
 .rodata.npio2_hw
                0x00003c14       0x80 c:/program files (x86)/cypress/psoc creator/3.3/psoc creator/import/gnu/arm/4.9.3/bin/../lib/gcc/arm-none-eabi/4.9.3/../../../../arm-none-eabi/lib/armv7-m\libm.a(lib_a-e_rem_pio2.o)
 .rodata.two_over_pi
                0x00003c94      0x108 c:/program files (x86)/cypress/psoc creator/3.3/psoc creator/import/gnu/arm/4.9.3/bin/../lib/gcc/arm-none-eabi/4.9.3/../../../../arm-none-eabi/lib/armv7-m\libm.a(lib_a-e_rem_pio2.o)
 .rodata.init_jk
                0x00003d9c       0x10 c:/program files (x86)/cypress/psoc creator/3.3/psoc creator/import/gnu/arm/4.9.3/bin/../lib/gcc/arm-none-eabi/4.9.3/../../../../arm-none-eabi/lib/armv7-m\libm.a(lib_a-k_rem_pio2.o)
 *fill*         0x00003dac        0x4 
 .rodata.PIo2   0x00003db0       0x40 c:/program files (x86)/cypress/psoc creator/3.3/psoc creator/import/gnu/arm/4.9.3/bin/../lib/gcc/arm-none-eabi/4.9.3/../../../../arm-none-eabi/lib/armv7-m\libm.a(lib_a-k_rem_pio2.o)
 .rodata.TWO52  0x00003df0       0x10 c:/program files (x86)/cypress/psoc creator/3.3/psoc creator/import/gnu/arm/4.9.3/bin/../lib/gcc/arm-none-eabi/4.9.3/../../../../arm-none-eabi/lib/armv7-m\libm.a(lib_a-s_rint.o)
 .rodata.str1.1
                0x00003e00        0x2 c:/program files (x86)/cypress/psoc creator/3.3/psoc creator/import/gnu/arm/4.9.3/bin/../lib/gcc/arm-none-eabi/4.9.3/../../../../arm-none-eabi/lib/armv7-m\libg_nano.a(lib_a-impure.o)
                0x00003e04                . = ALIGN (0x4)
 *fill*         0x00003e02        0x2 
 *(.init)
 .init          0x00003e04        0x4 c:/program files (x86)/cypress/psoc creator/3.3/psoc creator/import/gnu/arm/4.9.3/bin/../lib/gcc/arm-none-eabi/4.9.3/armv7-m/crti.o
                0x00003e04                _init
 .init          0x00003e08        0x8 c:/program files (x86)/cypress/psoc creator/3.3/psoc creator/import/gnu/arm/4.9.3/bin/../lib/gcc/arm-none-eabi/4.9.3/armv7-m/crtn.o
                0x00003e10                . = ALIGN (0x4)
                0x00003e10                __preinit_array_start = .
 *(.preinit_array)
                0x00003e10                __preinit_array_end = .
                0x00003e10                . = ALIGN (0x4)
                0x00003e10                __init_array_start = .
 *(SORT(.init_array.*))
 *(.init_array)
 .init_array    0x00003e10        0x4 c:/program files (x86)/cypress/psoc creator/3.3/psoc creator/import/gnu/arm/4.9.3/bin/../lib/gcc/arm-none-eabi/4.9.3/armv7-m/crtbegin.o
 .init_array    0x00003e14        0x4 .\CortexM3\ARM_GCC_493\Debug\Cm3Start.o
                0x00003e18                __init_array_end = .
                0x00003e18                . = ALIGN (0x4)
 *(.fini)
 .fini          0x00003e18        0x4 c:/program files (x86)/cypress/psoc creator/3.3/psoc creator/import/gnu/arm/4.9.3/bin/../lib/gcc/arm-none-eabi/4.9.3/armv7-m/crti.o
                0x00003e18                _fini
 .fini          0x00003e1c        0x8 c:/program files (x86)/cypress/psoc creator/3.3/psoc creator/import/gnu/arm/4.9.3/bin/../lib/gcc/arm-none-eabi/4.9.3/armv7-m/crtn.o
                0x00003e24                . = ALIGN (0x4)
                0x00003e24                __fini_array_start = .
 *(.fini_array)
 .fini_array    0x00003e24        0x4 c:/program files (x86)/cypress/psoc creator/3.3/psoc creator/import/gnu/arm/4.9.3/bin/../lib/gcc/arm-none-eabi/4.9.3/armv7-m/crtbegin.o
 *(SORT(.fini_array.*))
                0x00003e28                __fini_array_end = .
                0x00003e28                . = ALIGN (0x4)
 *crtbegin.o(.ctors)
 *(EXCLUDE_FILE(*crtend.o) .ctors)
 *(SORT(.ctors.*))
 *crtend.o(.ctors)
                0x00003e28                . = ALIGN (0x4)
 *crtbegin.o(.dtors)
 *(EXCLUDE_FILE(*crtend.o) .dtors)
 *(SORT(.dtors.*))
 *crtend.o(.dtors)
                0x00003e28                . = ALIGN (0x4)
                0x00003e28                __cy_regions = .
                0x00003e28        0x4 LONG 0x3e38 __cy_region_init_ram
                0x00003e2c        0x4 LONG 0x1fff8108 __cy_region_start_data
                0x00003e30        0x4 LONG 0x90 __cy_region_init_size_ram
                0x00003e34        0x4 LONG 0x78 __cy_region_zero_size_ram
                0x00003e38                __cy_regions_end = .
                0x00003e38                . = ALIGN (0x8)
                0x00003e38                _etext = .

.cy_checksum_exclude
                0x00003e38        0x0
 *(.cy_checksum_exclude)

.ramvectors     0x1fff8000      0x100
                0x1fff8000                __cy_region_start_ram = .
 *(.ramvectors)
 .ramvectors    0x1fff8000      0x100 .\CortexM3\ARM_GCC_493\Debug\Cm3Start.o
                0x1fff8000                CyRamVectors

.noinit         0x1fff8100        0x5
 *(.noinit)
 .noinit        0x1fff8100        0x4 .\CortexM3\ARM_GCC_493\Debug\Cm3Start.o
 .noinit        0x1fff8104        0x1 .\CortexM3\ARM_GCC_493\Debug\NeoPixel.a(CyLib.o)
                0x1fff8104                CyResetStatus

.data           0x1fff8108       0x90 load address 0x00003e38
                0x1fff8108                __cy_region_start_data = .
 *(.jcr)
 .jcr           0x1fff8108        0x0 c:/program files (x86)/cypress/psoc creator/3.3/psoc creator/import/gnu/arm/4.9.3/bin/../lib/gcc/arm-none-eabi/4.9.3/armv7-m/crtbegin.o
 .jcr           0x1fff8108        0x4 c:/program files (x86)/cypress/psoc creator/3.3/psoc creator/import/gnu/arm/4.9.3/bin/../lib/gcc/arm-none-eabi/4.9.3/armv7-m/crtend.o
 *(.got.plt)
 *(.got)
 *(.shdata)
 *(.data .data.* .gnu.linkonce.d.*)
 .data          0x1fff810c        0x8 .\CortexM3\ARM_GCC_493\Debug\main.o
                0x1fff810c                power
                0x1fff8110                Deltapower
 .data          0x1fff8114        0x4 .\CortexM3\ARM_GCC_493\Debug\Cm3Start.o
 .data          0x1fff8118        0x8 .\CortexM3\ARM_GCC_493\Debug\NeoPixel.a(CyDmac.o)
 .data          0x1fff8120       0x10 .\CortexM3\ARM_GCC_493\Debug\NeoPixel.a(CyLib.o)
                0x1fff8120                cydelay_32k_ms
                0x1fff8124                cydelay_freq_khz
                0x1fff8128                cydelay_freq_mhz
                0x1fff812c                cydelay_freq_hz
 .data          0x1fff8130        0x1 .\CortexM3\ARM_GCC_493\Debug\NeoPixel.a(NP_DMA_dma.o)
                0x1fff8130                NP_DMA_DmaHandle
 .data.__fdlib_version
                0x1fff8131        0x1 c:/program files (x86)/cypress/psoc creator/3.3/psoc creator/import/gnu/arm/4.9.3/bin/../lib/gcc/arm-none-eabi/4.9.3/../../../../arm-none-eabi/lib/armv7-m\libm.a(lib_a-s_lib_ver.o)
                0x1fff8131                __fdlib_version
 *fill*         0x1fff8132        0x2 
 .data.impure_data
                0x1fff8134       0x60 c:/program files (x86)/cypress/psoc creator/3.3/psoc creator/import/gnu/arm/4.9.3/bin/../lib/gcc/arm-none-eabi/4.9.3/../../../../arm-none-eabi/lib/armv7-m\libg_nano.a(lib_a-impure.o)
 .data._impure_ptr
                0x1fff8194        0x4 c:/program files (x86)/cypress/psoc creator/3.3/psoc creator/import/gnu/arm/4.9.3/bin/../lib/gcc/arm-none-eabi/4.9.3/../../../../arm-none-eabi/lib/armv7-m\libg_nano.a(lib_a-impure.o)
                0x1fff8194                _impure_ptr
                0x1fff8198                . = ALIGN (0x8)
 *(.ram)
                0x1fff8198                _edata = .

.igot.plt       0x1fff8198        0x0 load address 0x00003ec8
 .igot.plt      0x00000000        0x0 c:/program files (x86)/cypress/psoc creator/3.3/psoc creator/import/gnu/arm/4.9.3/bin/../lib/gcc/arm-none-eabi/4.9.3/armv7-m/crtbegin.o

.bss            0x1fff8198       0x78 load address 0x00003ec8
                0x1fff8198                PROVIDE (__bss_start__, .)
 *(.shbss)
 *(.bss .bss.* .gnu.linkonce.b.*)
 .bss           0x1fff8198       0x1c c:/program files (x86)/cypress/psoc creator/3.3/psoc creator/import/gnu/arm/4.9.3/bin/../lib/gcc/arm-none-eabi/4.9.3/armv7-m/crtbegin.o
 .bss           0x1fff81b4        0x4 .\CortexM3\ARM_GCC_493\Debug\main.o
                0x1fff81b4                offset
 .bss           0x1fff81b8        0x1 .\CortexM3\ARM_GCC_493\Debug\NeoPixel.a(NP_Neo_BITCNT.o)
                0x1fff81b8                NP_Neo_BITCNT_initVar
 .bss           0x1fff81b9        0x1 .\CortexM3\ARM_GCC_493\Debug\NeoPixel.a(NP_Neo_ONTime.o)
                0x1fff81b9                NP_Neo_ONTime_initVar
 .bss           0x1fff81ba        0x1 .\CortexM3\ARM_GCC_493\Debug\NeoPixel.a(NP_Neo_OFFTime.o)
                0x1fff81ba                NP_Neo_OFFTime_initVar
 *fill*         0x1fff81bb        0x1 
 .bss.__malloc_sbrk_start
                0x1fff81bc        0x4 c:/program files (x86)/cypress/psoc creator/3.3/psoc creator/import/gnu/arm/4.9.3/bin/../lib/gcc/arm-none-eabi/4.9.3/../../../../arm-none-eabi/lib/armv7-m\libg_nano.a(lib_a-nano-mallocr.o)
                0x1fff81bc                __malloc_sbrk_start
 .bss.__malloc_free_list
                0x1fff81c0        0x4 c:/program files (x86)/cypress/psoc creator/3.3/psoc creator/import/gnu/arm/4.9.3/bin/../lib/gcc/arm-none-eabi/4.9.3/../../../../arm-none-eabi/lib/armv7-m\libg_nano.a(lib_a-nano-mallocr.o)
                0x1fff81c0                __malloc_free_list
 *(COMMON)
 COMMON         0x1fff81c4       0x41 .\CortexM3\ARM_GCC_493\Debug\main.o
                0x1fff81c4                NP_g_nFrameBufferSize
                0x1fff81c8                pPixelArray
                0x1fff81f8                NP_g_bOwnsBuffer
                0x1fff81f9                NP_g_nDMA_TD
                0x1fff81fc                NP_g_nNumberOfPixels
                0x1fff8200                NP_g_pFrameBuffer
                0x1fff8204                NP_g_nDMA_Chan
 *fill*         0x1fff8205        0x3 
 COMMON         0x1fff8208        0x4 c:/program files (x86)/cypress/psoc creator/3.3/psoc creator/import/gnu/arm/4.9.3/bin/../lib/gcc/arm-none-eabi/4.9.3/../../../../arm-none-eabi/lib/armv7-m\libg_nano.a(lib_a-reent.o)
                0x1fff8208                errno
                0x1fff8210                . = ALIGN (0x8)
 *fill*         0x1fff820c        0x4 
 *(.ram.b)
                0x1fff8210                _end = .
                0x1fff8210                __end = .
                0x1fff8210                PROVIDE (end, .)
                0x1fff8210                PROVIDE (__bss_end__, .)
                0x00003e38                __cy_region_init_ram = LOADADDR (.data)
                0x00000090                __cy_region_init_size_ram = (_edata - ADDR (.data))
                0x00000078                __cy_region_zero_size_ram = (_end - _edata)

.heap           0x1fff8210       0x80 load address 0x00003ec8
                0x1fff8210                . = _end
                0x1fff8290                . = (. + 0x80)
 *fill*         0x1fff8210       0x80 
                0x1fff8290                __cy_heap_limit = .

.stack          0x20007800      0x800
                0x20007800                __cy_stack_limit = .
                0x20008000                . = (. + 0x800)
 *fill*         0x20007800      0x800 
                0x00000001                ASSERT ((__cy_stack_limit >= __cy_heap_limit), region RAM overflowed with stack)
                0x00000000                cy_checksum_exclude_size = (CY_APPL_LOADABLE == 0x1)?SIZEOF (.cy_checksum_exclude):0x0
                0x00000001                ASSERT ((cy_checksum_exclude_size <= CY_CHECKSUM_EXCLUDE_SIZE), CY_BOOT: Section .cy_checksum_exclude size exceedes specified limit.)

.cyloadermeta
 *(.cyloadermeta)

.cyloadablemeta
 *(.cyloadablemeta)

.cyconfigecc    0x80000000      0x160
 *(.cyconfigecc)
 .cyconfigecc   0x80000000      0x160 .\CortexM3\ARM_GCC_493\Debug\cymetadata.o
                0x80000000                cy_meta_configecc

.cycustnvl      0x90000000        0x4
 *(.cycustnvl)
 .cycustnvl     0x90000000        0x4 .\CortexM3\ARM_GCC_493\Debug\cymetadata.o
                0x90000000                cy_meta_custnvl

.cywolatch      0x90100000        0x4
 *(.cywolatch)
 .cywolatch     0x90100000        0x4 .\CortexM3\ARM_GCC_493\Debug\cymetadata.o
                0x90100000                cy_meta_wonvl

.cyeeprom       0x90200000        0x0
 *(.cyeeprom)
                0x00000001                ASSERT ((. <= ((0x90200000 + ee_offset) + ee_size)), .cyeeprom data will not fit in EEPROM)

.cyflashprotect
                0x90400000      0x100
 *(.cyflashprotect)
 .cyflashprotect
                0x90400000      0x100 .\CortexM3\ARM_GCC_493\Debug\cymetadata.o
                0x90400000                cy_meta_flashprotect

.cymeta         0x90500000        0xc
 *(.cymeta)
 .cymeta        0x90500000        0xc .\CortexM3\ARM_GCC_493\Debug\cymetadata.o
                0x90500000                cy_metadata

.rel.dyn        0x00003ec8        0x0 load address 0x9050000c
 .rel.iplt      0x00000000        0x0 c:/program files (x86)/cypress/psoc creator/3.3/psoc creator/import/gnu/arm/4.9.3/bin/../lib/gcc/arm-none-eabi/4.9.3/armv7-m/crtbegin.o

.stab
 *(.stab)

.stabstr
 *(.stabstr)

.debug
 *(.debug)

.line
 *(.line)

.debug_srcinfo
 *(.debug_srcinfo)

.debug_sfnames
 *(.debug_sfnames)

.debug_aranges  0x00000000      0x758
 *(.debug_aranges)
 .debug_aranges
                0x00000000       0x20 .\CortexM3\ARM_GCC_493\Debug\main.o
 .debug_aranges
                0x00000020       0x18 .\CortexM3\ARM_GCC_493\Debug\cymetadata.o
 .debug_aranges
                0x00000038       0x48 .\CortexM3\ARM_GCC_493\Debug\Cm3Start.o
 .debug_aranges
                0x00000080       0x58 .\CortexM3\ARM_GCC_493\Debug\NeoPixel.a(cyfitter_cfg.o)
 .debug_aranges
                0x000000d8       0x20 .\CortexM3\ARM_GCC_493\Debug\NeoPixel.a(CyBootAsmGnu.o)
 .debug_aranges
                0x000000f8       0xd8 .\CortexM3\ARM_GCC_493\Debug\NeoPixel.a(CyDmac.o)
 .debug_aranges
                0x000001d0      0x298 .\CortexM3\ARM_GCC_493\Debug\NeoPixel.a(CyLib.o)
 .debug_aranges
                0x00000468       0x98 .\CortexM3\ARM_GCC_493\Debug\NeoPixel.a(cyPm.o)
 .debug_aranges
                0x00000500       0x30 .\CortexM3\ARM_GCC_493\Debug\NeoPixel.a(NP_funcs.o)
 .debug_aranges
                0x00000530       0x58 .\CortexM3\ARM_GCC_493\Debug\NeoPixel.a(NP_Neo_BITCNT.o)
 .debug_aranges
                0x00000588       0x58 .\CortexM3\ARM_GCC_493\Debug\NeoPixel.a(NP_Neo_ONTime.o)
 .debug_aranges
                0x000005e0       0x58 .\CortexM3\ARM_GCC_493\Debug\NeoPixel.a(NP_Neo_OFFTime.o)
 .debug_aranges
                0x00000638       0x28 .\CortexM3\ARM_GCC_493\Debug\NeoPixel.a(NP_DMA_dma.o)
 .debug_aranges
                0x00000660       0x80 .\CortexM3\ARM_GCC_493\Debug\NeoPixel.a(CyFlash.o)
 .debug_aranges
                0x000006e0       0x78 .\CortexM3\ARM_GCC_493\Debug\NeoPixel.a(CySpc.o)

.debug_pubnames
 *(.debug_pubnames)

.debug_info     0x00000000     0x4a76
 *(.debug_info .gnu.linkonce.wi.*)
 .debug_info    0x00000000      0x2c8 .\CortexM3\ARM_GCC_493\Debug\main.o
 .debug_info    0x000002c8      0x13a .\CortexM3\ARM_GCC_493\Debug\cymetadata.o
 .debug_info    0x00000402      0x3b3 .\CortexM3\ARM_GCC_493\Debug\Cm3Start.o
 .debug_info    0x000007b5      0x4a1 .\CortexM3\ARM_GCC_493\Debug\NeoPixel.a(cyfitter_cfg.o)
 .debug_info    0x00000c56       0x8d .\CortexM3\ARM_GCC_493\Debug\NeoPixel.a(CyBootAsmGnu.o)
 .debug_info    0x00000ce3      0x941 .\CortexM3\ARM_GCC_493\Debug\NeoPixel.a(CyDmac.o)
 .debug_info    0x00001624     0x136c .\CortexM3\ARM_GCC_493\Debug\NeoPixel.a(CyLib.o)
 .debug_info    0x00002990      0xa55 .\CortexM3\ARM_GCC_493\Debug\NeoPixel.a(cyPm.o)
 .debug_info    0x000033e5      0x3ef .\CortexM3\ARM_GCC_493\Debug\NeoPixel.a(NP_funcs.o)
 .debug_info    0x000037d4      0x1e6 .\CortexM3\ARM_GCC_493\Debug\NeoPixel.a(NP_Neo_BITCNT.o)
 .debug_info    0x000039ba      0x1e6 .\CortexM3\ARM_GCC_493\Debug\NeoPixel.a(NP_Neo_ONTime.o)
 .debug_info    0x00003ba0      0x1e6 .\CortexM3\ARM_GCC_493\Debug\NeoPixel.a(NP_Neo_OFFTime.o)
 .debug_info    0x00003d86      0x1fb .\CortexM3\ARM_GCC_493\Debug\NeoPixel.a(NP_DMA_dma.o)
 .debug_info    0x00003f81      0x608 .\CortexM3\ARM_GCC_493\Debug\NeoPixel.a(CyFlash.o)
 .debug_info    0x00004589      0x4ed .\CortexM3\ARM_GCC_493\Debug\NeoPixel.a(CySpc.o)

.debug_abbrev   0x00000000     0x152f
 *(.debug_abbrev)
 .debug_abbrev  0x00000000      0x144 .\CortexM3\ARM_GCC_493\Debug\main.o
 .debug_abbrev  0x00000144       0x66 .\CortexM3\ARM_GCC_493\Debug\cymetadata.o
 .debug_abbrev  0x000001aa      0x20f .\CortexM3\ARM_GCC_493\Debug\Cm3Start.o
 .debug_abbrev  0x000003b9      0x1eb .\CortexM3\ARM_GCC_493\Debug\NeoPixel.a(cyfitter_cfg.o)
 .debug_abbrev  0x000005a4       0x14 .\CortexM3\ARM_GCC_493\Debug\NeoPixel.a(CyBootAsmGnu.o)
 .debug_abbrev  0x000005b8      0x1cc .\CortexM3\ARM_GCC_493\Debug\NeoPixel.a(CyDmac.o)
 .debug_abbrev  0x00000784      0x296 .\CortexM3\ARM_GCC_493\Debug\NeoPixel.a(CyLib.o)
 .debug_abbrev  0x00000a1a      0x1fa .\CortexM3\ARM_GCC_493\Debug\NeoPixel.a(cyPm.o)
 .debug_abbrev  0x00000c14      0x156 .\CortexM3\ARM_GCC_493\Debug\NeoPixel.a(NP_funcs.o)
 .debug_abbrev  0x00000d6a      0x10b .\CortexM3\ARM_GCC_493\Debug\NeoPixel.a(NP_Neo_BITCNT.o)
 .debug_abbrev  0x00000e75      0x10b .\CortexM3\ARM_GCC_493\Debug\NeoPixel.a(NP_Neo_ONTime.o)
 .debug_abbrev  0x00000f80      0x10b .\CortexM3\ARM_GCC_493\Debug\NeoPixel.a(NP_Neo_OFFTime.o)
 .debug_abbrev  0x0000108b       0xf8 .\CortexM3\ARM_GCC_493\Debug\NeoPixel.a(NP_DMA_dma.o)
 .debug_abbrev  0x00001183      0x1de .\CortexM3\ARM_GCC_493\Debug\NeoPixel.a(CyFlash.o)
 .debug_abbrev  0x00001361      0x1ce .\CortexM3\ARM_GCC_493\Debug\NeoPixel.a(CySpc.o)

.debug_line     0x00000000     0x1ead
 *(.debug_line)
 .debug_line    0x00000000      0x1be .\CortexM3\ARM_GCC_493\Debug\main.o
 .debug_line    0x000001be       0x53 .\CortexM3\ARM_GCC_493\Debug\cymetadata.o
 .debug_line    0x00000211      0x254 .\CortexM3\ARM_GCC_493\Debug\Cm3Start.o
 .debug_line    0x00000465      0x1dc .\CortexM3\ARM_GCC_493\Debug\NeoPixel.a(cyfitter_cfg.o)
 .debug_line    0x00000641       0x68 .\CortexM3\ARM_GCC_493\Debug\NeoPixel.a(CyBootAsmGnu.o)
 .debug_line    0x000006a9      0x2e5 .\CortexM3\ARM_GCC_493\Debug\NeoPixel.a(CyDmac.o)
 .debug_line    0x0000098e      0x806 .\CortexM3\ARM_GCC_493\Debug\NeoPixel.a(CyLib.o)
 .debug_line    0x00001194      0x366 .\CortexM3\ARM_GCC_493\Debug\NeoPixel.a(cyPm.o)
 .debug_line    0x000014fa      0x219 .\CortexM3\ARM_GCC_493\Debug\NeoPixel.a(NP_funcs.o)
 .debug_line    0x00001713       0xf1 .\CortexM3\ARM_GCC_493\Debug\NeoPixel.a(NP_Neo_BITCNT.o)
 .debug_line    0x00001804       0xf1 .\CortexM3\ARM_GCC_493\Debug\NeoPixel.a(NP_Neo_ONTime.o)
 .debug_line    0x000018f5       0xf2 .\CortexM3\ARM_GCC_493\Debug\NeoPixel.a(NP_Neo_OFFTime.o)
 .debug_line    0x000019e7       0x9c .\CortexM3\ARM_GCC_493\Debug\NeoPixel.a(NP_DMA_dma.o)
 .debug_line    0x00001a83      0x1ec .\CortexM3\ARM_GCC_493\Debug\NeoPixel.a(CyFlash.o)
 .debug_line    0x00001c6f      0x23e .\CortexM3\ARM_GCC_493\Debug\NeoPixel.a(CySpc.o)

.debug_frame    0x00000000     0x1820
 *(.debug_frame)
 .debug_frame   0x00000000       0x44 .\CortexM3\ARM_GCC_493\Debug\main.o
 .debug_frame   0x00000044       0xac .\CortexM3\ARM_GCC_493\Debug\Cm3Start.o
 .debug_frame   0x000000f0       0xe0 .\CortexM3\ARM_GCC_493\Debug\NeoPixel.a(cyfitter_cfg.o)
 .debug_frame   0x000001d0      0x1f4 .\CortexM3\ARM_GCC_493\Debug\NeoPixel.a(CyDmac.o)
 .debug_frame   0x000003c4      0x728 .\CortexM3\ARM_GCC_493\Debug\NeoPixel.a(CyLib.o)
 .debug_frame   0x00000aec      0x1f8 .\CortexM3\ARM_GCC_493\Debug\NeoPixel.a(cyPm.o)
 .debug_frame   0x00000ce4       0x78 .\CortexM3\ARM_GCC_493\Debug\NeoPixel.a(NP_funcs.o)
 .debug_frame   0x00000d5c       0xb4 .\CortexM3\ARM_GCC_493\Debug\NeoPixel.a(NP_Neo_BITCNT.o)
 .debug_frame   0x00000e10       0xb4 .\CortexM3\ARM_GCC_493\Debug\NeoPixel.a(NP_Neo_ONTime.o)
 .debug_frame   0x00000ec4       0xb4 .\CortexM3\ARM_GCC_493\Debug\NeoPixel.a(NP_Neo_OFFTime.o)
 .debug_frame   0x00000f78       0x54 .\CortexM3\ARM_GCC_493\Debug\NeoPixel.a(NP_DMA_dma.o)
 .debug_frame   0x00000fcc      0x174 .\CortexM3\ARM_GCC_493\Debug\NeoPixel.a(CyFlash.o)
 .debug_frame   0x00001140      0x160 .\CortexM3\ARM_GCC_493\Debug\NeoPixel.a(CySpc.o)
 .debug_frame   0x000012a0       0x38 c:/program files (x86)/cypress/psoc creator/3.3/psoc creator/import/gnu/arm/4.9.3/bin/../lib/gcc/arm-none-eabi/4.9.3/../../../../arm-none-eabi/lib/armv7-m\libm.a(lib_a-s_sin.o)
 .debug_frame   0x000012d8       0x44 c:/program files (x86)/cypress/psoc creator/3.3/psoc creator/import/gnu/arm/4.9.3/bin/../lib/gcc/arm-none-eabi/4.9.3/../../../../arm-none-eabi/lib/armv7-m\libm.a(lib_a-w_pow.o)
 .debug_frame   0x0000131c       0x64 c:/program files (x86)/cypress/psoc creator/3.3/psoc creator/import/gnu/arm/4.9.3/bin/../lib/gcc/arm-none-eabi/4.9.3/../../../../arm-none-eabi/lib/armv7-m\libm.a(lib_a-e_pow.o)
 .debug_frame   0x00001380       0x48 c:/program files (x86)/cypress/psoc creator/3.3/psoc creator/import/gnu/arm/4.9.3/bin/../lib/gcc/arm-none-eabi/4.9.3/../../../../arm-none-eabi/lib/armv7-m\libm.a(lib_a-e_rem_pio2.o)
 .debug_frame   0x000013c8       0x30 c:/program files (x86)/cypress/psoc creator/3.3/psoc creator/import/gnu/arm/4.9.3/bin/../lib/gcc/arm-none-eabi/4.9.3/../../../../arm-none-eabi/lib/armv7-m\libm.a(lib_a-e_sqrt.o)
 .debug_frame   0x000013f8       0x4c c:/program files (x86)/cypress/psoc creator/3.3/psoc creator/import/gnu/arm/4.9.3/bin/../lib/gcc/arm-none-eabi/4.9.3/../../../../arm-none-eabi/lib/armv7-m\libm.a(lib_a-k_cos.o)
 .debug_frame   0x00001444       0x54 c:/program files (x86)/cypress/psoc creator/3.3/psoc creator/import/gnu/arm/4.9.3/bin/../lib/gcc/arm-none-eabi/4.9.3/../../../../arm-none-eabi/lib/armv7-m\libm.a(lib_a-k_rem_pio2.o)
 .debug_frame   0x00001498       0x48 c:/program files (x86)/cypress/psoc creator/3.3/psoc creator/import/gnu/arm/4.9.3/bin/../lib/gcc/arm-none-eabi/4.9.3/../../../../arm-none-eabi/lib/armv7-m\libm.a(lib_a-k_sin.o)
 .debug_frame   0x000014e0       0x20 c:/program files (x86)/cypress/psoc creator/3.3/psoc creator/import/gnu/arm/4.9.3/bin/../lib/gcc/arm-none-eabi/4.9.3/../../../../arm-none-eabi/lib/armv7-m\libm.a(lib_a-s_fabs.o)
 .debug_frame   0x00001500       0x20 c:/program files (x86)/cypress/psoc creator/3.3/psoc creator/import/gnu/arm/4.9.3/bin/../lib/gcc/arm-none-eabi/4.9.3/../../../../arm-none-eabi/lib/armv7-m\libm.a(lib_a-s_finite.o)
 .debug_frame   0x00001520       0x34 c:/program files (x86)/cypress/psoc creator/3.3/psoc creator/import/gnu/arm/4.9.3/bin/../lib/gcc/arm-none-eabi/4.9.3/../../../../arm-none-eabi/lib/armv7-m\libm.a(lib_a-s_floor.o)
 .debug_frame   0x00001554       0x34 c:/program files (x86)/cypress/psoc creator/3.3/psoc creator/import/gnu/arm/4.9.3/bin/../lib/gcc/arm-none-eabi/4.9.3/../../../../arm-none-eabi/lib/armv7-m\libm.a(lib_a-s_fpclassify.o)
 .debug_frame   0x00001588       0x20 c:/program files (x86)/cypress/psoc creator/3.3/psoc creator/import/gnu/arm/4.9.3/bin/../lib/gcc/arm-none-eabi/4.9.3/../../../../arm-none-eabi/lib/armv7-m\libm.a(lib_a-s_matherr.o)
 .debug_frame   0x000015a8       0x20 c:/program files (x86)/cypress/psoc creator/3.3/psoc creator/import/gnu/arm/4.9.3/bin/../lib/gcc/arm-none-eabi/4.9.3/../../../../arm-none-eabi/lib/armv7-m\libm.a(lib_a-s_nan.o)
 .debug_frame   0x000015c8       0x3c c:/program files (x86)/cypress/psoc creator/3.3/psoc creator/import/gnu/arm/4.9.3/bin/../lib/gcc/arm-none-eabi/4.9.3/../../../../arm-none-eabi/lib/armv7-m\libm.a(lib_a-s_rint.o)
 .debug_frame   0x00001604       0x30 c:/program files (x86)/cypress/psoc creator/3.3/psoc creator/import/gnu/arm/4.9.3/bin/../lib/gcc/arm-none-eabi/4.9.3/../../../../arm-none-eabi/lib/armv7-m\libm.a(lib_a-s_scalbn.o)
 .debug_frame   0x00001634       0x20 c:/program files (x86)/cypress/psoc creator/3.3/psoc creator/import/gnu/arm/4.9.3/bin/../lib/gcc/arm-none-eabi/4.9.3/../../../../arm-none-eabi/lib/armv7-m\libm.a(lib_a-s_copysign.o)
 .debug_frame   0x00001654       0x20 c:/program files (x86)/cypress/psoc creator/3.3/psoc creator/import/gnu/arm/4.9.3/bin/../lib/gcc/arm-none-eabi/4.9.3/../../../../arm-none-eabi/lib/armv7-m\libg_nano.a(lib_a-errno.o)
 .debug_frame   0x00001674       0x28 c:/program files (x86)/cypress/psoc creator/3.3/psoc creator/import/gnu/arm/4.9.3/bin/../lib/gcc/arm-none-eabi/4.9.3/../../../../arm-none-eabi/lib/armv7-m\libg_nano.a(lib_a-exit.o)
 .debug_frame   0x0000169c       0x2c c:/program files (x86)/cypress/psoc creator/3.3/psoc creator/import/gnu/arm/4.9.3/bin/../lib/gcc/arm-none-eabi/4.9.3/../../../../arm-none-eabi/lib/armv7-m\libg_nano.a(lib_a-init.o)
 .debug_frame   0x000016c8       0x30 c:/program files (x86)/cypress/psoc creator/3.3/psoc creator/import/gnu/arm/4.9.3/bin/../lib/gcc/arm-none-eabi/4.9.3/../../../../arm-none-eabi/lib/armv7-m\libg_nano.a(lib_a-malloc.o)
 .debug_frame   0x000016f8       0x28 c:/program files (x86)/cypress/psoc creator/3.3/psoc creator/import/gnu/arm/4.9.3/bin/../lib/gcc/arm-none-eabi/4.9.3/../../../../arm-none-eabi/lib/armv7-m\libg_nano.a(lib_a-memcpy.o)
 .debug_frame   0x00001720       0x20 c:/program files (x86)/cypress/psoc creator/3.3/psoc creator/import/gnu/arm/4.9.3/bin/../lib/gcc/arm-none-eabi/4.9.3/../../../../arm-none-eabi/lib/armv7-m\libg_nano.a(lib_a-memset.o)
 .debug_frame   0x00001740       0x2c c:/program files (x86)/cypress/psoc creator/3.3/psoc creator/import/gnu/arm/4.9.3/bin/../lib/gcc/arm-none-eabi/4.9.3/../../../../arm-none-eabi/lib/armv7-m\libg_nano.a(lib_a-nano-freer.o)
 .debug_frame   0x0000176c       0x2c c:/program files (x86)/cypress/psoc creator/3.3/psoc creator/import/gnu/arm/4.9.3/bin/../lib/gcc/arm-none-eabi/4.9.3/../../../../arm-none-eabi/lib/armv7-m\libg_nano.a(lib_a-nano-mallocr.o)
 .debug_frame   0x00001798       0x2c c:/program files (x86)/cypress/psoc creator/3.3/psoc creator/import/gnu/arm/4.9.3/bin/../lib/gcc/arm-none-eabi/4.9.3/../../../../arm-none-eabi/lib/armv7-m\libg_nano.a(lib_a-sbrkr.o)
 .debug_frame   0x000017c4       0x5c c:/program files (x86)/cypress/psoc creator/3.3/psoc creator/import/gnu/arm/4.9.3/bin/../lib/gcc/arm-none-eabi/4.9.3/../../../../arm-none-eabi/lib/armv7-m\libg_nano.a(lib_a-reent.o)

.debug_str      0x00000000     0x1a6e
 *(.debug_str)
 .debug_str     0x00000000      0x20b .\CortexM3\ARM_GCC_493\Debug\main.o
                                0x259 (size before relaxing)
 .debug_str     0x0000020b       0x77 .\CortexM3\ARM_GCC_493\Debug\cymetadata.o
                                0x1e7 (size before relaxing)
 .debug_str     0x00000282      0x175 .\CortexM3\ARM_GCC_493\Debug\Cm3Start.o
                                0x30b (size before relaxing)
 .debug_str     0x000003f7      0x156 .\CortexM3\ARM_GCC_493\Debug\NeoPixel.a(cyfitter_cfg.o)
                                0x300 (size before relaxing)
 .debug_str     0x0000054d      0x394 .\CortexM3\ARM_GCC_493\Debug\NeoPixel.a(CyDmac.o)
                                0x53b (size before relaxing)
 .debug_str     0x000008e1      0x7db .\CortexM3\ARM_GCC_493\Debug\NeoPixel.a(CyLib.o)
                                0xa20 (size before relaxing)
 .debug_str     0x000010bc      0x35b .\CortexM3\ARM_GCC_493\Debug\NeoPixel.a(cyPm.o)
                                0x718 (size before relaxing)
 .debug_str     0x00001417      0x106 .\CortexM3\ARM_GCC_493\Debug\NeoPixel.a(NP_funcs.o)
                                0x38a (size before relaxing)
 .debug_str     0x0000151d       0xe9 .\CortexM3\ARM_GCC_493\Debug\NeoPixel.a(NP_Neo_BITCNT.o)
                                0x2b4 (size before relaxing)
 .debug_str     0x00001606       0xc8 .\CortexM3\ARM_GCC_493\Debug\NeoPixel.a(NP_Neo_ONTime.o)
                                0x2b4 (size before relaxing)
 .debug_str     0x000016ce       0xd0 .\CortexM3\ARM_GCC_493\Debug\NeoPixel.a(NP_Neo_OFFTime.o)
                                0x2be (size before relaxing)
 .debug_str     0x0000179e       0x84 .\CortexM3\ARM_GCC_493\Debug\NeoPixel.a(NP_DMA_dma.o)
                                0x26a (size before relaxing)
 .debug_str     0x00001822      0x19e .\CortexM3\ARM_GCC_493\Debug\NeoPixel.a(CyFlash.o)
                                0x392 (size before relaxing)
 .debug_str     0x000019c0       0xae .\CortexM3\ARM_GCC_493\Debug\NeoPixel.a(CySpc.o)
                                0x31b (size before relaxing)

.debug_loc      0x00000000     0x262a
 *(.debug_loc)
 .debug_loc     0x00000000       0x1f .\CortexM3\ARM_GCC_493\Debug\main.o
 .debug_loc     0x0000001f      0x144 .\CortexM3\ARM_GCC_493\Debug\Cm3Start.o
 .debug_loc     0x00000163      0x1d7 .\CortexM3\ARM_GCC_493\Debug\NeoPixel.a(cyfitter_cfg.o)
 .debug_loc     0x0000033a      0xb83 .\CortexM3\ARM_GCC_493\Debug\NeoPixel.a(CyDmac.o)
 .debug_loc     0x00000ebd      0xa11 .\CortexM3\ARM_GCC_493\Debug\NeoPixel.a(CyLib.o)
 .debug_loc     0x000018ce      0x1e4 .\CortexM3\ARM_GCC_493\Debug\NeoPixel.a(cyPm.o)
 .debug_loc     0x00001ab2       0xd2 .\CortexM3\ARM_GCC_493\Debug\NeoPixel.a(NP_funcs.o)
 .debug_loc     0x00001b84       0x47 .\CortexM3\ARM_GCC_493\Debug\NeoPixel.a(NP_Neo_BITCNT.o)
 .debug_loc     0x00001bcb       0x47 .\CortexM3\ARM_GCC_493\Debug\NeoPixel.a(NP_Neo_ONTime.o)
 .debug_loc     0x00001c12       0x47 .\CortexM3\ARM_GCC_493\Debug\NeoPixel.a(NP_Neo_OFFTime.o)
 .debug_loc     0x00001c59       0x84 .\CortexM3\ARM_GCC_493\Debug\NeoPixel.a(NP_DMA_dma.o)
 .debug_loc     0x00001cdd      0x300 .\CortexM3\ARM_GCC_493\Debug\NeoPixel.a(CyFlash.o)
 .debug_loc     0x00001fdd      0x64d .\CortexM3\ARM_GCC_493\Debug\NeoPixel.a(CySpc.o)

.debug_macinfo
 *(.debug_macinfo)

.debug_ranges   0x00000000      0x650
 *(.debug_ranges)
 .debug_ranges  0x00000000       0x10 .\CortexM3\ARM_GCC_493\Debug\main.o
 .debug_ranges  0x00000010       0x38 .\CortexM3\ARM_GCC_493\Debug\Cm3Start.o
 .debug_ranges  0x00000048       0x48 .\CortexM3\ARM_GCC_493\Debug\NeoPixel.a(cyfitter_cfg.o)
 .debug_ranges  0x00000090       0xc8 .\CortexM3\ARM_GCC_493\Debug\NeoPixel.a(CyDmac.o)
 .debug_ranges  0x00000158      0x288 .\CortexM3\ARM_GCC_493\Debug\NeoPixel.a(CyLib.o)
 .debug_ranges  0x000003e0       0x88 .\CortexM3\ARM_GCC_493\Debug\NeoPixel.a(cyPm.o)
 .debug_ranges  0x00000468       0x20 .\CortexM3\ARM_GCC_493\Debug\NeoPixel.a(NP_funcs.o)
 .debug_ranges  0x00000488       0x48 .\CortexM3\ARM_GCC_493\Debug\NeoPixel.a(NP_Neo_BITCNT.o)
 .debug_ranges  0x000004d0       0x48 .\CortexM3\ARM_GCC_493\Debug\NeoPixel.a(NP_Neo_ONTime.o)
 .debug_ranges  0x00000518       0x48 .\CortexM3\ARM_GCC_493\Debug\NeoPixel.a(NP_Neo_OFFTime.o)
 .debug_ranges  0x00000560       0x18 .\CortexM3\ARM_GCC_493\Debug\NeoPixel.a(NP_DMA_dma.o)
 .debug_ranges  0x00000578       0x70 .\CortexM3\ARM_GCC_493\Debug\NeoPixel.a(CyFlash.o)
 .debug_ranges  0x000005e8       0x68 .\CortexM3\ARM_GCC_493\Debug\NeoPixel.a(CySpc.o)

.comment        0x00000000       0x70
 .comment       0x00000000       0x70 .\CortexM3\ARM_GCC_493\Debug\main.o
                                 0x71 (size before relaxing)
 .comment       0x00000000       0x71 .\CortexM3\ARM_GCC_493\Debug\cymetadata.o
 .comment       0x00000000       0x71 .\CortexM3\ARM_GCC_493\Debug\Cm3Start.o
 .comment       0x00000000       0x71 .\CortexM3\ARM_GCC_493\Debug\NeoPixel.a(cyfitter_cfg.o)
 .comment       0x00000000       0x71 .\CortexM3\ARM_GCC_493\Debug\NeoPixel.a(CyDmac.o)
 .comment       0x00000000       0x71 .\CortexM3\ARM_GCC_493\Debug\NeoPixel.a(CyLib.o)
 .comment       0x00000000       0x71 .\CortexM3\ARM_GCC_493\Debug\NeoPixel.a(cyPm.o)
 .comment       0x00000000       0x71 .\CortexM3\ARM_GCC_493\Debug\NeoPixel.a(NP_funcs.o)
 .comment       0x00000000       0x71 .\CortexM3\ARM_GCC_493\Debug\NeoPixel.a(NP_Neo_BITCNT.o)
 .comment       0x00000000       0x71 .\CortexM3\ARM_GCC_493\Debug\NeoPixel.a(NP_Neo_ONTime.o)
 .comment       0x00000000       0x71 .\CortexM3\ARM_GCC_493\Debug\NeoPixel.a(NP_Neo_OFFTime.o)
 .comment       0x00000000       0x71 .\CortexM3\ARM_GCC_493\Debug\NeoPixel.a(NP_DMA_dma.o)
 .comment       0x00000000       0x71 .\CortexM3\ARM_GCC_493\Debug\NeoPixel.a(CyFlash.o)
 .comment       0x00000000       0x71 .\CortexM3\ARM_GCC_493\Debug\NeoPixel.a(CySpc.o)

.debug_weaknames
 *(.debug_weaknames)

.debug_funcnames
 *(.debug_funcnames)

.debug_typenames
 *(.debug_typenames)

.debug_varnames
 *(.debug_varnames)

.note.gnu.arm.ident
 *(.note.gnu.arm.ident)

.ARM.attributes
                0x00000000       0x29
 *(.ARM.attributes)
 .ARM.attributes
                0x00000000       0x1d c:/program files (x86)/cypress/psoc creator/3.3/psoc creator/import/gnu/arm/4.9.3/bin/../lib/gcc/arm-none-eabi/4.9.3/armv7-m/crti.o
 .ARM.attributes
                0x0000001d       0x2d c:/program files (x86)/cypress/psoc creator/3.3/psoc creator/import/gnu/arm/4.9.3/bin/../lib/gcc/arm-none-eabi/4.9.3/armv7-m/crtbegin.o
 .ARM.attributes
                0x0000004a       0x1b c:/program files (x86)/cypress/psoc creator/3.3/psoc creator/import/gnu/arm/4.9.3/bin/../lib/gcc/arm-none-eabi/4.9.3/../../../../arm-none-eabi/lib/armv7-m/crt0.o
 .ARM.attributes
                0x00000065       0x33 .\CortexM3\ARM_GCC_493\Debug\main.o
 .ARM.attributes
                0x00000098       0x33 .\CortexM3\ARM_GCC_493\Debug\cymetadata.o
 .ARM.attributes
                0x000000cb       0x33 .\CortexM3\ARM_GCC_493\Debug\Cm3Start.o
 .ARM.attributes
                0x000000fe       0x33 .\CortexM3\ARM_GCC_493\Debug\NeoPixel.a(cyfitter_cfg.o)
 .ARM.attributes
                0x00000131       0x21 .\CortexM3\ARM_GCC_493\Debug\NeoPixel.a(CyBootAsmGnu.o)
 .ARM.attributes
                0x00000152       0x33 .\CortexM3\ARM_GCC_493\Debug\NeoPixel.a(CyDmac.o)
 .ARM.attributes
                0x00000185       0x33 .\CortexM3\ARM_GCC_493\Debug\NeoPixel.a(CyLib.o)
 .ARM.attributes
                0x000001b8       0x33 .\CortexM3\ARM_GCC_493\Debug\NeoPixel.a(cyPm.o)
 .ARM.attributes
                0x000001eb       0x33 .\CortexM3\ARM_GCC_493\Debug\NeoPixel.a(NP_funcs.o)
 .ARM.attributes
                0x0000021e       0x33 .\CortexM3\ARM_GCC_493\Debug\NeoPixel.a(NP_Neo_BITCNT.o)
 .ARM.attributes
                0x00000251       0x33 .\CortexM3\ARM_GCC_493\Debug\NeoPixel.a(NP_Neo_ONTime.o)
 .ARM.attributes
                0x00000284       0x33 .\CortexM3\ARM_GCC_493\Debug\NeoPixel.a(NP_Neo_OFFTime.o)
 .ARM.attributes
                0x000002b7       0x33 .\CortexM3\ARM_GCC_493\Debug\NeoPixel.a(NP_DMA_dma.o)
 .ARM.attributes
                0x000002ea       0x33 .\CortexM3\ARM_GCC_493\Debug\NeoPixel.a(CyFlash.o)
 .ARM.attributes
                0x0000031d       0x33 .\CortexM3\ARM_GCC_493\Debug\NeoPixel.a(CySpc.o)
 .ARM.attributes
                0x00000350       0x2d c:/program files (x86)/cypress/psoc creator/3.3/psoc creator/import/gnu/arm/4.9.3/bin/../lib/gcc/arm-none-eabi/4.9.3/../../../../arm-none-eabi/lib/armv7-m\libm.a(lib_a-s_sin.o)
 .ARM.attributes
                0x0000037d       0x2d c:/program files (x86)/cypress/psoc creator/3.3/psoc creator/import/gnu/arm/4.9.3/bin/../lib/gcc/arm-none-eabi/4.9.3/../../../../arm-none-eabi/lib/armv7-m\libm.a(lib_a-w_pow.o)
 .ARM.attributes
                0x000003aa       0x2d c:/program files (x86)/cypress/psoc creator/3.3/psoc creator/import/gnu/arm/4.9.3/bin/../lib/gcc/arm-none-eabi/4.9.3/../../../../arm-none-eabi/lib/armv7-m\libm.a(lib_a-e_pow.o)
 .ARM.attributes
                0x000003d7       0x2d c:/program files (x86)/cypress/psoc creator/3.3/psoc creator/import/gnu/arm/4.9.3/bin/../lib/gcc/arm-none-eabi/4.9.3/../../../../arm-none-eabi/lib/armv7-m\libm.a(lib_a-e_rem_pio2.o)
 .ARM.attributes
                0x00000404       0x2d c:/program files (x86)/cypress/psoc creator/3.3/psoc creator/import/gnu/arm/4.9.3/bin/../lib/gcc/arm-none-eabi/4.9.3/../../../../arm-none-eabi/lib/armv7-m\libm.a(lib_a-e_sqrt.o)
 .ARM.attributes
                0x00000431       0x2d c:/program files (x86)/cypress/psoc creator/3.3/psoc creator/import/gnu/arm/4.9.3/bin/../lib/gcc/arm-none-eabi/4.9.3/../../../../arm-none-eabi/lib/armv7-m\libm.a(lib_a-k_cos.o)
 .ARM.attributes
                0x0000045e       0x2d c:/program files (x86)/cypress/psoc creator/3.3/psoc creator/import/gnu/arm/4.9.3/bin/../lib/gcc/arm-none-eabi/4.9.3/../../../../arm-none-eabi/lib/armv7-m\libm.a(lib_a-k_rem_pio2.o)
 .ARM.attributes
                0x0000048b       0x2d c:/program files (x86)/cypress/psoc creator/3.3/psoc creator/import/gnu/arm/4.9.3/bin/../lib/gcc/arm-none-eabi/4.9.3/../../../../arm-none-eabi/lib/armv7-m\libm.a(lib_a-k_sin.o)
 .ARM.attributes
                0x000004b8       0x2d c:/program files (x86)/cypress/psoc creator/3.3/psoc creator/import/gnu/arm/4.9.3/bin/../lib/gcc/arm-none-eabi/4.9.3/../../../../arm-none-eabi/lib/armv7-m\libm.a(lib_a-s_fabs.o)
 .ARM.attributes
                0x000004e5       0x2d c:/program files (x86)/cypress/psoc creator/3.3/psoc creator/import/gnu/arm/4.9.3/bin/../lib/gcc/arm-none-eabi/4.9.3/../../../../arm-none-eabi/lib/armv7-m\libm.a(lib_a-s_finite.o)
 .ARM.attributes
                0x00000512       0x2d c:/program files (x86)/cypress/psoc creator/3.3/psoc creator/import/gnu/arm/4.9.3/bin/../lib/gcc/arm-none-eabi/4.9.3/../../../../arm-none-eabi/lib/armv7-m\libm.a(lib_a-s_floor.o)
 .ARM.attributes
                0x0000053f       0x2d c:/program files (x86)/cypress/psoc creator/3.3/psoc creator/import/gnu/arm/4.9.3/bin/../lib/gcc/arm-none-eabi/4.9.3/../../../../arm-none-eabi/lib/armv7-m\libm.a(lib_a-s_fpclassify.o)
 .ARM.attributes
                0x0000056c       0x2d c:/program files (x86)/cypress/psoc creator/3.3/psoc creator/import/gnu/arm/4.9.3/bin/../lib/gcc/arm-none-eabi/4.9.3/../../../../arm-none-eabi/lib/armv7-m\libm.a(lib_a-s_lib_ver.o)
 .ARM.attributes
                0x00000599       0x2d c:/program files (x86)/cypress/psoc creator/3.3/psoc creator/import/gnu/arm/4.9.3/bin/../lib/gcc/arm-none-eabi/4.9.3/../../../../arm-none-eabi/lib/armv7-m\libm.a(lib_a-s_matherr.o)
 .ARM.attributes
                0x000005c6       0x2d c:/program files (x86)/cypress/psoc creator/3.3/psoc creator/import/gnu/arm/4.9.3/bin/../lib/gcc/arm-none-eabi/4.9.3/../../../../arm-none-eabi/lib/armv7-m\libm.a(lib_a-s_nan.o)
 .ARM.attributes
                0x000005f3       0x2d c:/program files (x86)/cypress/psoc creator/3.3/psoc creator/import/gnu/arm/4.9.3/bin/../lib/gcc/arm-none-eabi/4.9.3/../../../../arm-none-eabi/lib/armv7-m\libm.a(lib_a-s_rint.o)
 .ARM.attributes
                0x00000620       0x2d c:/program files (x86)/cypress/psoc creator/3.3/psoc creator/import/gnu/arm/4.9.3/bin/../lib/gcc/arm-none-eabi/4.9.3/../../../../arm-none-eabi/lib/armv7-m\libm.a(lib_a-s_scalbn.o)
 .ARM.attributes
                0x0000064d       0x2d c:/program files (x86)/cypress/psoc creator/3.3/psoc creator/import/gnu/arm/4.9.3/bin/../lib/gcc/arm-none-eabi/4.9.3/../../../../arm-none-eabi/lib/armv7-m\libm.a(lib_a-s_copysign.o)
 .ARM.attributes
                0x0000067a       0x1d c:/program files (x86)/cypress/psoc creator/3.3/psoc creator/import/gnu/arm/4.9.3/bin/../lib/gcc/arm-none-eabi/4.9.3/armv7-m\libgcc.a(_arm_addsubdf3.o)
 .ARM.attributes
                0x00000697       0x1d c:/program files (x86)/cypress/psoc creator/3.3/psoc creator/import/gnu/arm/4.9.3/bin/../lib/gcc/arm-none-eabi/4.9.3/armv7-m\libgcc.a(_arm_muldivdf3.o)
 .ARM.attributes
                0x000006b4       0x1d c:/program files (x86)/cypress/psoc creator/3.3/psoc creator/import/gnu/arm/4.9.3/bin/../lib/gcc/arm-none-eabi/4.9.3/armv7-m\libgcc.a(_arm_cmpdf2.o)
 .ARM.attributes
                0x000006d1       0x1d c:/program files (x86)/cypress/psoc creator/3.3/psoc creator/import/gnu/arm/4.9.3/bin/../lib/gcc/arm-none-eabi/4.9.3/armv7-m\libgcc.a(_arm_fixdfsi.o)
 .ARM.attributes
                0x000006ee       0x1d c:/program files (x86)/cypress/psoc creator/3.3/psoc creator/import/gnu/arm/4.9.3/bin/../lib/gcc/arm-none-eabi/4.9.3/armv7-m\libgcc.a(_arm_fixunsdfsi.o)
 .ARM.attributes
                0x0000070b       0x1d c:/program files (x86)/cypress/psoc creator/3.3/psoc creator/import/gnu/arm/4.9.3/bin/../lib/gcc/arm-none-eabi/4.9.3/armv7-m\libgcc.a(_arm_truncdfsf2.o)
 .ARM.attributes
                0x00000728       0x1d c:/program files (x86)/cypress/psoc creator/3.3/psoc creator/import/gnu/arm/4.9.3/bin/../lib/gcc/arm-none-eabi/4.9.3/armv7-m\libgcc.a(_arm_addsubsf3.o)
 .ARM.attributes
                0x00000745       0x1d c:/program files (x86)/cypress/psoc creator/3.3/psoc creator/import/gnu/arm/4.9.3/bin/../lib/gcc/arm-none-eabi/4.9.3/armv7-m\libgcc.a(_arm_cmpsf2.o)
 .ARM.attributes
                0x00000762       0x2d c:/program files (x86)/cypress/psoc creator/3.3/psoc creator/import/gnu/arm/4.9.3/bin/../lib/gcc/arm-none-eabi/4.9.3/../../../../arm-none-eabi/lib/armv7-m\libg_nano.a(lib_a-errno.o)
 .ARM.attributes
                0x0000078f       0x2d c:/program files (x86)/cypress/psoc creator/3.3/psoc creator/import/gnu/arm/4.9.3/bin/../lib/gcc/arm-none-eabi/4.9.3/../../../../arm-none-eabi/lib/armv7-m\libg_nano.a(lib_a-exit.o)
 .ARM.attributes
                0x000007bc       0x2d c:/program files (x86)/cypress/psoc creator/3.3/psoc creator/import/gnu/arm/4.9.3/bin/../lib/gcc/arm-none-eabi/4.9.3/../../../../arm-none-eabi/lib/armv7-m\libg_nano.a(lib_a-impure.o)
 .ARM.attributes
                0x000007e9       0x2d c:/program files (x86)/cypress/psoc creator/3.3/psoc creator/import/gnu/arm/4.9.3/bin/../lib/gcc/arm-none-eabi/4.9.3/../../../../arm-none-eabi/lib/armv7-m\libg_nano.a(lib_a-init.o)
 .ARM.attributes
                0x00000816       0x2d c:/program files (x86)/cypress/psoc creator/3.3/psoc creator/import/gnu/arm/4.9.3/bin/../lib/gcc/arm-none-eabi/4.9.3/../../../../arm-none-eabi/lib/armv7-m\libg_nano.a(lib_a-malloc.o)
 .ARM.attributes
                0x00000843       0x2d c:/program files (x86)/cypress/psoc creator/3.3/psoc creator/import/gnu/arm/4.9.3/bin/../lib/gcc/arm-none-eabi/4.9.3/../../../../arm-none-eabi/lib/armv7-m\libg_nano.a(lib_a-memcpy.o)
 .ARM.attributes
                0x00000870       0x2d c:/program files (x86)/cypress/psoc creator/3.3/psoc creator/import/gnu/arm/4.9.3/bin/../lib/gcc/arm-none-eabi/4.9.3/../../../../arm-none-eabi/lib/armv7-m\libg_nano.a(lib_a-memset.o)
 .ARM.attributes
                0x0000089d       0x2d c:/program files (x86)/cypress/psoc creator/3.3/psoc creator/import/gnu/arm/4.9.3/bin/../lib/gcc/arm-none-eabi/4.9.3/../../../../arm-none-eabi/lib/armv7-m\libg_nano.a(lib_a-nano-freer.o)
 .ARM.attributes
                0x000008ca       0x2d c:/program files (x86)/cypress/psoc creator/3.3/psoc creator/import/gnu/arm/4.9.3/bin/../lib/gcc/arm-none-eabi/4.9.3/../../../../arm-none-eabi/lib/armv7-m\libg_nano.a(lib_a-nano-mallocr.o)
 .ARM.attributes
                0x000008f7       0x2d c:/program files (x86)/cypress/psoc creator/3.3/psoc creator/import/gnu/arm/4.9.3/bin/../lib/gcc/arm-none-eabi/4.9.3/../../../../arm-none-eabi/lib/armv7-m\libg_nano.a(lib_a-sbrkr.o)
 .ARM.attributes
                0x00000924       0x2d c:/program files (x86)/cypress/psoc creator/3.3/psoc creator/import/gnu/arm/4.9.3/bin/../lib/gcc/arm-none-eabi/4.9.3/../../../../arm-none-eabi/lib/armv7-m\libg_nano.a(lib_a-reent.o)
 .ARM.attributes
                0x00000951       0x2d c:/program files (x86)/cypress/psoc creator/3.3/psoc creator/import/gnu/arm/4.9.3/bin/../lib/gcc/arm-none-eabi/4.9.3/armv7-m/crtend.o
 .ARM.attributes
                0x0000097e       0x1d c:/program files (x86)/cypress/psoc creator/3.3/psoc creator/import/gnu/arm/4.9.3/bin/../lib/gcc/arm-none-eabi/4.9.3/armv7-m/crtn.o

/DISCARD/
 *(.note.GNU-stack)
OUTPUT(.\CortexM3\ARM_GCC_493\Debug\NeoPixel.elf elf32-littlearm)
